Archive member included to satisfy reference by file (symbol)

C:/ST/STM32CubeIDE_1.19.0/STM32CubeIDE/plugins/com.st.stm32cube.ide.mcu.externaltools.gnu-tools-for-stm32.13.3.rel1.win32_1.0.0.202411081344/tools/bin/../lib/gcc/arm-none-eabi/13.3.1/../../../../arm-none-eabi/lib/thumb/v7e-m+fp/hard\libc_nano.a(libc_a-exit.o)
                              C:/ST/STM32CubeIDE_1.19.0/STM32CubeIDE/plugins/com.st.stm32cube.ide.mcu.externaltools.gnu-tools-for-stm32.13.3.rel1.win32_1.0.0.202411081344/tools/bin/../lib/gcc/arm-none-eabi/13.3.1/../../../../arm-none-eabi/lib/thumb/v7e-m+fp/hard/crt0.o (exit)
C:/ST/STM32CubeIDE_1.19.0/STM32CubeIDE/plugins/com.st.stm32cube.ide.mcu.externaltools.gnu-tools-for-stm32.13.3.rel1.win32_1.0.0.202411081344/tools/bin/../lib/gcc/arm-none-eabi/13.3.1/../../../../arm-none-eabi/lib/thumb/v7e-m+fp/hard\libc_nano.a(libc_a-findfp.o)
                              C:/ST/STM32CubeIDE_1.19.0/STM32CubeIDE/plugins/com.st.stm32cube.ide.mcu.externaltools.gnu-tools-for-stm32.13.3.rel1.win32_1.0.0.202411081344/tools/bin/../lib/gcc/arm-none-eabi/13.3.1/../../../../arm-none-eabi/lib/thumb/v7e-m+fp/hard\libc_nano.a(libc_a-exit.o) (__stdio_exit_handler)
C:/ST/STM32CubeIDE_1.19.0/STM32CubeIDE/plugins/com.st.stm32cube.ide.mcu.externaltools.gnu-tools-for-stm32.13.3.rel1.win32_1.0.0.202411081344/tools/bin/../lib/gcc/arm-none-eabi/13.3.1/../../../../arm-none-eabi/lib/thumb/v7e-m+fp/hard\libc_nano.a(libc_a-fwalk.o)
                              C:/ST/STM32CubeIDE_1.19.0/STM32CubeIDE/plugins/com.st.stm32cube.ide.mcu.externaltools.gnu-tools-for-stm32.13.3.rel1.win32_1.0.0.202411081344/tools/bin/../lib/gcc/arm-none-eabi/13.3.1/../../../../arm-none-eabi/lib/thumb/v7e-m+fp/hard\libc_nano.a(libc_a-findfp.o) (_fwalk_sglue)
C:/ST/STM32CubeIDE_1.19.0/STM32CubeIDE/plugins/com.st.stm32cube.ide.mcu.externaltools.gnu-tools-for-stm32.13.3.rel1.win32_1.0.0.202411081344/tools/bin/../lib/gcc/arm-none-eabi/13.3.1/../../../../arm-none-eabi/lib/thumb/v7e-m+fp/hard\libc_nano.a(libc_a-stdio.o)
                              C:/ST/STM32CubeIDE_1.19.0/STM32CubeIDE/plugins/com.st.stm32cube.ide.mcu.externaltools.gnu-tools-for-stm32.13.3.rel1.win32_1.0.0.202411081344/tools/bin/../lib/gcc/arm-none-eabi/13.3.1/../../../../arm-none-eabi/lib/thumb/v7e-m+fp/hard\libc_nano.a(libc_a-findfp.o) (__sread)
C:/ST/STM32CubeIDE_1.19.0/STM32CubeIDE/plugins/com.st.stm32cube.ide.mcu.externaltools.gnu-tools-for-stm32.13.3.rel1.win32_1.0.0.202411081344/tools/bin/../lib/gcc/arm-none-eabi/13.3.1/../../../../arm-none-eabi/lib/thumb/v7e-m+fp/hard\libc_nano.a(libc_a-memset.o)
                              C:/ST/STM32CubeIDE_1.19.0/STM32CubeIDE/plugins/com.st.stm32cube.ide.mcu.externaltools.gnu-tools-for-stm32.13.3.rel1.win32_1.0.0.202411081344/tools/bin/../lib/gcc/arm-none-eabi/13.3.1/../../../../arm-none-eabi/lib/thumb/v7e-m+fp/hard/crt0.o (memset)
C:/ST/STM32CubeIDE_1.19.0/STM32CubeIDE/plugins/com.st.stm32cube.ide.mcu.externaltools.gnu-tools-for-stm32.13.3.rel1.win32_1.0.0.202411081344/tools/bin/../lib/gcc/arm-none-eabi/13.3.1/../../../../arm-none-eabi/lib/thumb/v7e-m+fp/hard\libc_nano.a(libc_a-closer.o)
                              C:/ST/STM32CubeIDE_1.19.0/STM32CubeIDE/plugins/com.st.stm32cube.ide.mcu.externaltools.gnu-tools-for-stm32.13.3.rel1.win32_1.0.0.202411081344/tools/bin/../lib/gcc/arm-none-eabi/13.3.1/../../../../arm-none-eabi/lib/thumb/v7e-m+fp/hard\libc_nano.a(libc_a-stdio.o) (_close_r)
C:/ST/STM32CubeIDE_1.19.0/STM32CubeIDE/plugins/com.st.stm32cube.ide.mcu.externaltools.gnu-tools-for-stm32.13.3.rel1.win32_1.0.0.202411081344/tools/bin/../lib/gcc/arm-none-eabi/13.3.1/../../../../arm-none-eabi/lib/thumb/v7e-m+fp/hard\libc_nano.a(libc_a-reent.o)
                              C:/ST/STM32CubeIDE_1.19.0/STM32CubeIDE/plugins/com.st.stm32cube.ide.mcu.externaltools.gnu-tools-for-stm32.13.3.rel1.win32_1.0.0.202411081344/tools/bin/../lib/gcc/arm-none-eabi/13.3.1/../../../../arm-none-eabi/lib/thumb/v7e-m+fp/hard\libc_nano.a(libc_a-closer.o) (errno)
C:/ST/STM32CubeIDE_1.19.0/STM32CubeIDE/plugins/com.st.stm32cube.ide.mcu.externaltools.gnu-tools-for-stm32.13.3.rel1.win32_1.0.0.202411081344/tools/bin/../lib/gcc/arm-none-eabi/13.3.1/../../../../arm-none-eabi/lib/thumb/v7e-m+fp/hard\libc_nano.a(libc_a-impure.o)
                              C:/ST/STM32CubeIDE_1.19.0/STM32CubeIDE/plugins/com.st.stm32cube.ide.mcu.externaltools.gnu-tools-for-stm32.13.3.rel1.win32_1.0.0.202411081344/tools/bin/../lib/gcc/arm-none-eabi/13.3.1/../../../../arm-none-eabi/lib/thumb/v7e-m+fp/hard\libc_nano.a(libc_a-reent.o) (_impure_ptr)
C:/ST/STM32CubeIDE_1.19.0/STM32CubeIDE/plugins/com.st.stm32cube.ide.mcu.externaltools.gnu-tools-for-stm32.13.3.rel1.win32_1.0.0.202411081344/tools/bin/../lib/gcc/arm-none-eabi/13.3.1/../../../../arm-none-eabi/lib/thumb/v7e-m+fp/hard\libc_nano.a(libc_a-lseekr.o)
[...]
Memory Configuration

Name             Origin             Length             Attributes
RAM              0x20000000         0x00018000         xrw
SRAM2            0x10000000         0x00008000         xrw
FLASH            0x08000000         0x00100000         xr
*default*        0x00000000         0xffffffff

Linker script and memory map

LOAD C:/ST/STM32CubeIDE_1.19.0/STM32CubeIDE/plugins/com.st.stm32cube.ide.mcu.externaltools.gnu-tools-for-stm32.13.3.rel1.win32_1.0.0.202411081344/tools/bin/../lib/gcc/arm-none-eabi/13.3.1/thumb/v7e-m+fp/hard/crti.o
LOAD C:/ST/STM32CubeIDE_1.19.0/STM32CubeIDE/plugins/com.st.stm32cube.ide.mcu.externaltools.gnu-tools-for-stm32.13.3.rel1.win32_1.0.0.202411081344/tools/bin/../lib/gcc/arm-none-eabi/13.3.1/thumb/v7e-m+fp/hard/crtbegin.o
LOAD C:/ST/STM32CubeIDE_1.19.0/STM32CubeIDE/plugins/com.st.stm32cube.ide.mcu.externaltools.gnu-tools-for-stm32.13.3.rel1.win32_1.0.0.202411081344/tools/bin/../lib/gcc/arm-none-eabi/13.3.1/../../../../arm-none-eabi/lib/thumb/v7e-m+fp/hard/crt0.o
LOAD ./Src/gpio.o
LOAD ./Src/keypad.o
LOAD ./Src/main.o
LOAD ./Src/sevenseg.o
LOAD ./Src/syscalls.o
LOAD ./Src/sysmem.o
LOAD ./Startup/startup_stm32l476rgtx.o
START GROUP
LOAD C:/ST/STM32CubeIDE_1.19.0/STM32CubeIDE/plugins/com.st.stm32cube.ide.mcu.externaltools.gnu-tools-for-stm32.13.3.rel1.win32_1.0.0.202411081344/tools/bin/../lib/gcc/arm-none-eabi/13.3.1/../../../../arm-none-eabi/lib/thumb/v7e-m+fp/hard\libc_nano.a
LOAD C:/ST/STM32CubeIDE_1.19.0/STM32CubeIDE/plugins/com.st.stm32cube.ide.mcu.externaltools.gnu-tools-for-stm32.13.3.rel1.win32_1.0.0.202411081344/tools/bin/../lib/gcc/arm-none-eabi/13.3.1/../../../../arm-none-eabi/lib/thumb/v7e-m+fp/hard\libm.a
END GROUP
START GROUP
LOAD C:/ST/STM32CubeIDE_1.19.0/STM32CubeIDE/plugins/com.st.stm32cube.ide.mcu.externaltools.gnu-tools-for-stm32.13.3.rel1.win32_1.0.0.202411081344/tools/bin/../lib/gcc/arm-none-eabi/13.3.1/thumb/v7e-m+fp/hard\libgcc.a
LOAD C:/ST/STM32CubeIDE_1.19.0/STM32CubeIDE/plugins/com.st.stm32cube.ide.mcu.externaltools.gnu-tools-for-stm32.13.3.rel1.win32_1.0.0.202411081344/tools/bin/../lib/gcc/arm-none-eabi/13.3.1/../../../../arm-none-eabi/lib/thumb/v7e-m+fp/hard\libc_nano.a
END GROUP
START GROUP
LOAD C:/ST/STM32CubeIDE_1.19.0/STM32CubeIDE/plugins/com.st.stm32cube.ide.mcu.externaltools.gnu-tools-for-stm32.13.3.rel1.win32_1.0.0.202411081344/tools/bin/../lib/gcc/arm-none-eabi/13.3.1/thumb/v7e-m+fp/hard\libgcc.a
LOAD C:/ST/STM32CubeIDE_1.19.0/STM32CubeIDE/plugins/com.st.stm32cube.ide.mcu.externaltools.gnu-tools-for-stm32.13.3.rel1.win32_1.0.0.202411081344/tools/bin/../lib/gcc/arm-none-eabi/13.3.1/../../../../arm-none-eabi/lib/thumb/v7e-m+fp/hard\libc_nano.a
LOAD C:/ST/STM32CubeIDE_1.19.0/STM32CubeIDE/plugins/com.st.stm32cube.ide.mcu.externaltools.gnu-tools-for-stm32.13.3.rel1.win32_1.0.0.202411081344/tools/bin/../lib/gcc/arm-none-eabi/13.3.1/../../../../arm-none-eabi/lib/thumb/v7e-m+fp/hard\libnosys.a
END GROUP
START GROUP
LOAD C:/ST/STM32CubeIDE_1.19.0/STM32CubeIDE/plugins/com.st.stm32cube.ide.mcu.externaltools.gnu-tools-for-stm32.13.3.rel1.win32_1.0.0.202411081344/tools/bin/../lib/gcc/arm-none-eabi/13.3.1/thumb/v7e-m+fp/hard\libgcc.a
LOAD C:/ST/STM32CubeIDE_1.19.0/STM32CubeIDE/plugins/com.st.stm32cube.ide.mcu.externaltools.gnu-tools-for-stm32.13.3.rel1.win32_1.0.0.202411081344/tools/bin/../lib/gcc/arm-none-eabi/13.3.1/../../../../arm-none-eabi/lib/thumb/v7e-m+fp/hard\libc_nano.a
LOAD C:/ST/STM32CubeIDE_1.19.0/STM32CubeIDE/plugins/com.st.stm32cube.ide.mcu.externaltools.gnu-tools-for-stm32.13.3.rel1.win32_1.0.0.202411081344/tools/bin/../lib/gcc/arm-none-eabi/13.3.1/../../../../arm-none-eabi/lib/thumb/v7e-m+fp/hard\libnosys.a
END GROUP
LOAD C:/ST/STM32CubeIDE_1.19.0/STM32CubeIDE/plugins/com.st.stm32cube.ide.mcu.externaltools.gnu-tools-for-stm32.13.3.rel1.win32_1.0.0.202411081344/tools/bin/../lib/gcc/arm-none-eabi/13.3.1/thumb/v7e-m+fp/hard/crtend.o
LOAD C:/ST/STM32CubeIDE_1.19.0/STM32CubeIDE/plugins/com.st.stm32cube.ide.mcu.externaltools.gnu-tools-for-stm32.13.3.rel1.win32_1.0.0.202411081344/tools/bin/../lib/gcc/arm-none-eabi/13.3.1/thumb/v7e-m+fp/hard/crtn.o
                0x20018000                        _estack = (ORIGIN (RAM) + LENGTH (RAM))
                0x00000200                        _Min_Heap_Size = 0x200
                0x00000400                        _Min_Stack_Size = 0x400

.isr_vector     0x08000000      0x18c
                0x08000000                        . = ALIGN (0x4)
 *(.isr_vector)
 .isr_vector    0x08000000      0x18c ./Startup/startup_stm32l476rgtx.o
                0x08000000                g_pfnVectors
                0x0800018c                        . = ALIGN (0x4)

.text           0x0800018c      0x568
                0x0800018c                        . = ALIGN (0x4)
 *(.text)
 .text          0x0800018c       0x40 C:/ST/STM32CubeIDE_1.19.0/STM32CubeIDE/plugins/com.st.stm32cube.ide.mcu.externaltools.gnu-tools-for-stm32.13.3.rel1.win32_1.0.0.202411081344/tools/bin/../lib/gcc/arm-none-eabi/13.3.1/thumb/v7e-m+fp/hard/crtbegin.o
 *(.text*)
 .text.GPIO_EnableClock
                0x080001cc       0xe8 ./Src/gpio.o
                0x080001cc                GPIO_EnableClock
 .text.GPIO_InitPin
                0x080002b4       0xac ./Src/gpio.o
                0x080002b4                GPIO_InitPin
 .text.GPIO_WritePin
                0x08000360       0x3a ./Src/gpio.o
                0x08000360                GPIO_WritePin
 .text.GPIO_ReadPin
                0x0800039a       0x30 ./Src/gpio.o
                0x0800039a                GPIO_ReadPin
 .text.KEYPAD_SetAllRowsHigh
                0x080003ca       0x40 ./Src/keypad.o
 *fill*         0x0800040a        0x2 
 .text.KEYPAD_SetSingleRowLow
                0x0800040c       0x2c ./Src/keypad.o
 .text.KEYPAD_Init
                0x08000438       0x7c ./Src/keypad.o
                0x08000438                KEYPAD_Init
 .text.KEYPAD_GetIndex
                0x080004b4       0x88 ./Src/keypad.o
                0x080004b4                KEYPAD_GetIndex
 .text.DisplayHex
                0x0800053c       0x28 ./Src/main.o
 .text.main     0x08000564       0x2a ./Src/main.o
                0x08000564                main
 *fill*         0x0800058e        0x2 
 .text.SevenSeg_Init
                0x08000590       0x64 ./Src/sevenseg.o
                0x08000590                SevenSeg_Init
 .text.SevenSeg_Clear
                0x080005f4        0xe ./Src/sevenseg.o
                0x080005f4                SevenSeg_Clear
 *fill*         0x08000602        0x2 
 .text.SevenSeg_DisplayRaw
                0x08000604       0x3c ./Src/sevenseg.o
                0x08000604                SevenSeg_DisplayRaw
 .text.Reset_Handler
                0x08000640       0x50 ./Startup/startup_stm32l476rgtx.o
                0x08000640                Reset_Handler
 .text.Default_Handler
                0x08000690        0x2 ./Startup/startup_stm32l476rgtx.o
                0x08000690                EXTI2_IRQHandler
                0x08000690                TIM8_TRG_COM_IRQHandler
                0x08000690                TIM8_CC_IRQHandler
                0x08000690                DebugMon_Handler
                0x08000690                DMA1_CH4_IRQHandler
                0x08000690                TIM1_CC_IRQHandler
                0x08000690                TSC_IRQHandler
                0x08000690                HardFault_Handler
                0x08000690                SysTick_Handler
                0x08000690                TAMP_STAMP_IRQHandler
                0x08000690                PendSV_Handler
                0x08000690                NMI_Handler
                0x08000690                EXTI3_IRQHandler
                0x08000690                LPTIM2_IRQHandler
                0x08000690                DFSDM1_FLT1_IRQHandler
                0x08000690                I2C3_ER_IRQHandler
                0x08000690                DFSDM1_FLT2_IRQHandler
                0x08000690                TIM6_DACUNDER_IRQHandler
                0x08000690                EXTI0_IRQHandler
                0x08000690                I2C2_EV_IRQHandler
                0x08000690                DMA2_CH1_IRQHandler
                0x08000690                CAN1_RX0_IRQHandler
                0x08000690                FPU_IRQHandler
                0x08000690                TIM1_UP_TIM16_IRQHandler
                0x08000690                DMA2_CH7_IRQHandler
                0x08000690                UsageFault_Handler
                0x08000690                ADC1_2_IRQHandler
                0x08000690                SPI1_IRQHandler
                0x08000690                DMA1_CH7_IRQHandler
                0x08000690                TIM8_UP_IRQHandler
                0x08000690                RTC_ALARM_IRQHandler
                0x08000690                SAI2_IRQHandler
                0x08000690                DFSDM1_FLT3_IRQHandler
                0x08000690                DMA1_CH6_IRQHandler
                0x08000690                USART3_IRQHandler
                0x08000690                CAN1_RX1_IRQHandler
                0x08000690                LCD_IRQHandler
                0x08000690                UART5_IRQHandler
                0x08000690                ADC3_IRQHandler
                0x08000690                TIM4_IRQHandler
                0x08000690                QUADSPI_IRQHandler
                0x08000690                I2C1_EV_IRQHandler
                0x08000690                DMA2_CH5_IRQHandler
                0x08000690                UART4_IRQHandler
                0x08000690                DMA1_CH3_IRQHandler
                0x08000690                TIM3_IRQHandler
                0x08000690                RCC_IRQHandler
                0x08000690                Default_Handler
                0x08000690                EXTI15_10_IRQHandler
                0x08000690                TIM7_IRQHandler
                0x08000690                SDMMC1_IRQHandler
                0x08000690                TIM5_IRQHandler
                0x08000690                I2C3_EV_IRQHandler
                0x08000690                EXTI9_5_IRQHandler
                0x08000690                DMA1_CH2_IRQHandler
                0x08000690                RTC_WKUP_IRQHandler
                0x08000690                PVD_PVM_IRQHandler
                0x08000690                SPI2_IRQHandler
                0x08000690                DMA1_CH1_IRQHandler
                0x08000690                MemManage_Handler
                0x08000690                CAN1_TX_IRQHandler
                0x08000690                SVC_Handler
                0x08000690                CRS_IRQHandler
                0x08000690                EXTI4_IRQHandler
                0x08000690                RNG_IRQHandler
                0x08000690                TIM1_TRG_COM_TIM17_IRQHandler
                0x08000690                COMP_IRQHandler
                0x08000690                WWDG_IRQHandler
                0x08000690                LPUART1_IRQHandler
                0x08000690                TIM2_IRQHandler
                0x08000690                EXTI1_IRQHandler
                0x08000690                USART2_IRQHandler
                0x08000690                DFSDM1_FLT0_IRQHandler
                0x08000690                I2C2_ER_IRQHandler
                0x08000690                TIM8_BRK_IRQHandler
                0x08000690                CAN1_SCE_IRQHandler
                0x08000690                FLASH_IRQHandler
                0x08000690                BusFault_Handler
                0x08000690                USART1_IRQHandler
                0x08000690                OTG_FS_IRQHandler
                0x08000690                SPI3_IRQHandler
                0x08000690                DMA2_CH6_IRQHandler
                0x08000690                DMA2_CH3_IRQHandler
                0x08000690                DMA2_CH2_IRQHandler
                0x08000690                I2C1_ER_IRQHandler
                0x08000690                FMC_IRQHandler
                0x08000690                DMA1_CH5_IRQHandler
                0x08000690                DMA2_CH4_IRQHandler
                0x08000690                SWPMI1_IRQHandler
                0x08000690                LPTIM1_IRQHandler
                0x08000690                SAI1_IRQHandler
                0x08000690                TIM1_BRK_TIM15_IRQHandler
 *fill*         0x08000692        0x2 
 .text.__libc_init_array
                0x08000694       0x48 C:/ST/STM32CubeIDE_1.19.0/STM32CubeIDE/plugins/com.st.stm32cube.ide.mcu.externaltools.gnu-tools-for-stm32.13.3.rel1.win32_1.0.0.202411081344/tools/bin/../lib/gcc/arm-none-eabi/13.3.1/../../../../arm-none-eabi/lib/thumb/v7e-m+fp/hard\libc_nano.a(libc_a-init.o)
                0x08000694                __libc_init_array
 *(.glue_7)
 .glue_7        0x080006dc        0x0 linker stubs
 *(.glue_7t)
 .glue_7t       0x080006dc        0x0 linker stubs
 *(.eh_frame)
 .eh_frame      0x080006dc        0x0 C:/ST/STM32CubeIDE_1.19.0/STM32CubeIDE/plugins/com.st.stm32cube.ide.mcu.externaltools.gnu-tools-for-stm32.13.3.rel1.win32_1.0.0.202411081344/tools/bin/../lib/gcc/arm-none-eabi/13.3.1/thumb/v7e-m+fp/hard/crtbegin.o
 *(.init)
 .init          0x080006dc        0x4 C:/ST/STM32CubeIDE_1.19.0/STM32CubeIDE/plugins/com.st.stm32cube.ide.mcu.externaltools.gnu-tools-for-stm32.13.3.rel1.win32_1.0.0.202411081344/tools/bin/../lib/gcc/arm-none-eabi/13.3.1/thumb/v7e-m+fp/hard/crti.o
                0x080006dc                _init
 .init          0x080006e0        0x8 C:/ST/STM32CubeIDE_1.19.0/STM32CubeIDE/plugins/com.st.stm32cube.ide.mcu.externaltools.gnu-tools-for-stm32.13.3.rel1.win32_1.0.0.202411081344/tools/bin/../lib/gcc/arm-none-eabi/13.3.1/thumb/v7e-m+fp/hard/crtn.o
 *(.fini)
 .fini          0x080006e8        0x4 C:/ST/STM32CubeIDE_1.19.0/STM32CubeIDE/plugins/com.st.stm32cube.ide.mcu.externaltools.gnu-tools-for-stm32.13.3.rel1.win32_1.0.0.202411081344/tools/bin/../lib/gcc/arm-none-eabi/13.3.1/thumb/v7e-m+fp/hard/crti.o
                0x080006e8                _fini
 .fini          0x080006ec        0x8 C:/ST/STM32CubeIDE_1.19.0/STM32CubeIDE/plugins/com.st.stm32cube.ide.mcu.externaltools.gnu-tools-for-stm32.13.3.rel1.win32_1.0.0.202411081344/tools/bin/../lib/gcc/arm-none-eabi/13.3.1/thumb/v7e-m+fp/hard/crtn.o
                0x080006f4                        . = ALIGN (0x4)
                0x080006f4                        _etext = .

.vfp11_veneer   0x080006f4        0x0
 .vfp11_veneer  0x080006f4        0x0 linker stubs

.v4_bx          0x080006f4        0x0
 .v4_bx         0x080006f4        0x0 linker stubs

.iplt           0x080006f4        0x0
 .iplt          0x080006f4        0x0 C:/ST/STM32CubeIDE_1.19.0/STM32CubeIDE/plugins/com.st.stm32cube.ide.mcu.externaltools.gnu-tools-for-stm32.13.3.rel1.win32_1.0.0.202411081344/tools/bin/../lib/gcc/arm-none-eabi/13.3.1/thumb/v7e-m+fp/hard/crtbegin.o

.rodata         0x080006f4       0x18
                0x080006f4                        . = ALIGN (0x4)
 *(.rodata)
 *(.rodata*)
 .rodata.rowPins
                0x080006f4        0x4 ./Src/keypad.o
 .rodata.colPins
                0x080006f8        0x4 ./Src/keypad.o
 .rodata.hexPattern.0
                0x080006fc       0x10 ./Src/main.o
                0x0800070c                        . = ALIGN (0x4)

.ARM.extab      0x0800070c        0x0
                0x0800070c                        . = ALIGN (0x4)
 *(.ARM.extab* .gnu.linkonce.armextab.*)
                0x0800070c                        . = ALIGN (0x4)

.ARM            0x0800070c        0x0
                0x0800070c                        . = ALIGN (0x4)
                0x0800070c                        __exidx_start = .
 *(.ARM.exidx*)
                0x0800070c                        __exidx_end = .
                0x0800070c                        . = ALIGN (0x4)

.preinit_array  0x0800070c        0x0
                0x0800070c                        . = ALIGN (0x4)
                0x0800070c                        PROVIDE (__preinit_array_start = .)
 *(.preinit_array*)
                0x0800070c                        PROVIDE (__preinit_array_end = .)
                0x0800070c                        . = ALIGN (0x4)

.init_array     0x0800070c        0x4
                0x0800070c                        . = ALIGN (0x4)
                0x0800070c                        PROVIDE (__init_array_start = .)
 *(SORT_BY_NAME(.init_array.*))
 *(.init_array*)
 .init_array    0x0800070c        0x4 C:/ST/STM32CubeIDE_1.19.0/STM32CubeIDE/plugins/com.st.stm32cube.ide.mcu.externaltools.gnu-tools-for-stm32.13.3.rel1.win32_1.0.0.202411081344/tools/bin/../lib/gcc/arm-none-eabi/13.3.1/thumb/v7e-m+fp/hard/crtbegin.o
                0x08000710                        PROVIDE (__init_array_end = .)
                0x08000710                        . = ALIGN (0x4)

.fini_array     0x08000710        0x4
                0x08000710                        . = ALIGN (0x4)
                [!provide]                        PROVIDE (__fini_array_start = .)
 *(SORT_BY_NAME(.fini_array.*))
 *(.fini_array*)
 .fini_array    0x08000710        0x4 C:/ST/STM32CubeIDE_1.19.0/STM32CubeIDE/plugins/com.st.stm32cube.ide.mcu.externaltools.gnu-tools-for-stm32.13.3.rel1.win32_1.0.0.202411081344/tools/bin/../lib/gcc/arm-none-eabi/13.3.1/thumb/v7e-m+fp/hard/crtbegin.o
                [!provide]                        PROVIDE (__fini_array_end = .)
                0x08000714                        . = ALIGN (0x4)
                0x08000714                        _sidata = LOADADDR (.data)

.rel.dyn        0x08000714        0x0
 .rel.iplt      0x08000714        0x0 C:/ST/STM32CubeIDE_1.19.0/STM32CubeIDE/plugins/com.st.stm32cube.ide.mcu.externaltools.gnu-tools-for-stm32.13.3.rel1.win32_1.0.0.202411081344/tools/bin/../lib/gcc/arm-none-eabi/13.3.1/thumb/v7e-m+fp/hard/crtbegin.o

.data           0x20000000        0x0 load address 0x08000714
                0x20000000                        . = ALIGN (0x4)
                0x20000000                        _sdata = .
 *(.data)
 *(.data*)
 *(.RamFunc)
 *(.RamFunc*)
                0x20000000                        . = ALIGN (0x4)
                0x20000000                        _edata = .
                0x08000714                        _sisram2 = LOADADDR (.sram2)

.igot.plt       0x20000000        0x0 load address 0x08000714
 .igot.plt      0x20000000        0x0 C:/ST/STM32CubeIDE_1.19.0/STM32CubeIDE/plugins/com.st.stm32cube.ide.mcu.externaltools.gnu-tools-for-stm32.13.3.rel1.win32_1.0.0.202411081344/tools/bin/../lib/gcc/arm-none-eabi/13.3.1/thumb/v7e-m+fp/hard/crtbegin.o

.sram2          0x10000000        0x0 load address 0x08000714
                0x10000000                        . = ALIGN (0x4)
                0x10000000                        _ssram2 = .
 *(.sram2)
 *(.sram2*)
                0x10000000                        . = ALIGN (0x4)
                0x10000000                        _esram2 = .
                0x10000000                        . = ALIGN (0x4)

.bss            0x20000000       0x1c
                0x20000000                        _sbss = .
                0x20000000                        __bss_start__ = _sbss
 *(.bss)
 .bss           0x20000000       0x1c C:/ST/STM32CubeIDE_1.19.0/STM32CubeIDE/plugins/com.st.stm32cube.ide.mcu.externaltools.gnu-tools-for-stm32.13.3.rel1.win32_1.0.0.202411081344/tools/bin/../lib/gcc/arm-none-eabi/13.3.1/thumb/v7e-m+fp/hard/crtbegin.o
 *(.bss*)
 *(COMMON)
                0x2000001c                        . = ALIGN (0x4)
                0x2000001c                        _ebss = .
                0x2000001c                        __bss_end__ = _ebss

._user_heap_stack
                0x2000001c      0x604
                0x20000020                        . = ALIGN (0x8)
 *fill*         0x2000001c        0x4 
                [!provide]                        PROVIDE (end = .)
                0x20000020                        PROVIDE (_end = .)
                0x20000220                        . = (. + _Min_Heap_Size)
 *fill*         0x20000020      0x200 
                0x20000620                        . = (. + _Min_Stack_Size)
 *fill*         0x20000220      0x400 
                0x20000620                        . = ALIGN (0x8)

/DISCARD/
 libc.a(*)
 libm.a(*)
 libgcc.a(*)

.ARM.attributes
                0x00000000       0x30
 *(.ARM.attributes)
 .ARM.attributes
                0x00000000       0x22 C:/ST/STM32CubeIDE_1.19.0/STM32CubeIDE/plugins/com.st.stm32cube.ide.mcu.externaltools.gnu-tools-for-stm32.13.3.rel1.win32_1.0.0.202411081344/tools/bin/../lib/gcc/arm-none-eabi/13.3.1/thumb/v7e-m+fp/hard/crti.o
 .ARM.attributes
                0x00000022       0x34 C:/ST/STM32CubeIDE_1.19.0/STM32CubeIDE/plugins/com.st.stm32cube.ide.mcu.externaltools.gnu-tools-for-stm32.13.3.rel1.win32_1.0.0.202411081344/tools/bin/../lib/gcc/arm-none-eabi/13.3.1/thumb/v7e-m+fp/hard/crtbegin.o
 .ARM.attributes
                0x00000056       0x34 ./Src/gpio.o
 .ARM.attributes
                0x0000008a       0x34 ./Src/keypad.o
 .ARM.attributes
                0x000000be       0x34 ./Src/main.o
 .ARM.attributes
                0x000000f2       0x34 ./Src/sevenseg.o
 .ARM.attributes
                0x00000126       0x21 ./Startup/startup_stm32l476rgtx.o
 .ARM.attributes
                0x00000147       0x34 C:/ST/STM32CubeIDE_1.19.0/STM32CubeIDE/plugins/com.st.stm32cube.ide.mcu.externaltools.gnu-tools-for-stm32.13.3.rel1.win32_1.0.0.202411081344/tools/bin/../lib/gcc/arm-none-eabi/13.3.1/../../../../arm-none-eabi/lib/thumb/v7e-m+fp/hard\libc_nano.a(libc_a-init.o)
 .ARM.attributes
                0x0000017b       0x22 C:/ST/STM32CubeIDE_1.19.0/STM32CubeIDE/plugins/com.st.stm32cube.ide.mcu.externaltools.gnu-tools-for-stm32.13.3.rel1.win32_1.0.0.202411081344/tools/bin/../lib/gcc/arm-none-eabi/13.3.1/thumb/v7e-m+fp/hard/crtn.o
OUTPUT(keypad-7.elf elf32-littlearm)
LOAD linker stubs
LOAD C:/ST/STM32CubeIDE_1.19.0/STM32CubeIDE/plugins/com.st.stm32cube.ide.mcu.externaltools.gnu-tools-for-stm32.13.3.rel1.win32_1.0.0.202411081344/tools/bin/../lib/gcc/arm-none-eabi/13.3.1/../../../../arm-none-eabi/lib/thumb/v7e-m+fp/hard\libc.a
LOAD C:/ST/STM32CubeIDE_1.19.0/STM32CubeIDE/plugins/com.st.stm32cube.ide.mcu.externaltools.gnu-tools-for-stm32.13.3.rel1.win32_1.0.0.202411081344/tools/bin/../lib/gcc/arm-none-eabi/13.3.1/../../../../arm-none-eabi/lib/thumb/v7e-m+fp/hard\libm.a
LOAD C:/ST/STM32CubeIDE_1.19.0/STM32CubeIDE/plugins/com.st.stm32cube.ide.mcu.externaltools.gnu-tools-for-stm32.13.3.rel1.win32_1.0.0.202411081344/tools/bin/../lib/gcc/arm-none-eabi/13.3.1/thumb/v7e-m+fp/hard\libgcc.a

.debug_info     0x00000000      0xa85
 .debug_info    0x00000000      0x3ae ./Src/gpio.o
 .debug_info    0x000003ae      0x2e6 ./Src/keypad.o
 .debug_info    0x00000694      0x138 ./Src/main.o
 .debug_info    0x000007cc      0x289 ./Src/sevenseg.o
 .debug_info    0x00000a55       0x30 ./Startup/startup_stm32l476rgtx.o

.debug_abbrev   0x00000000      0x569
 .debug_abbrev  0x00000000      0x143 ./Src/gpio.o
 .debug_abbrev  0x00000143      0x193 ./Src/keypad.o
 .debug_abbrev  0x000002d6      0x102 ./Src/main.o
 .debug_abbrev  0x000003d8      0x16d ./Src/sevenseg.o
 .debug_abbrev  0x00000545       0x24 ./Startup/startup_stm32l476rgtx.o

.debug_aranges  0x00000000      0x100
 .debug_aranges
                0x00000000       0x38 ./Src/gpio.o
 .debug_aranges
                0x00000038       0x38 ./Src/keypad.o
 .debug_aranges
                0x00000070       0x28 ./Src/main.o
 .debug_aranges
                0x00000098       0x40 ./Src/sevenseg.o
 .debug_aranges
                0x000000d8       0x28 ./Startup/startup_stm32l476rgtx.o

.debug_rnglists
                0x00000000       0xab
 .debug_rnglists
                0x00000000       0x27 ./Src/gpio.o
 .debug_rnglists
                0x00000027       0x26 ./Src/keypad.o
 .debug_rnglists
                0x0000004d       0x19 ./Src/main.o
 .debug_rnglists
                0x00000066       0x2c ./Src/sevenseg.o
 .debug_rnglists
                0x00000092       0x19 ./Startup/startup_stm32l476rgtx.o

.debug_macro    0x00000000     0x12a1
 .debug_macro   0x00000000       0x72 ./Src/gpio.o
 .debug_macro   0x00000072      0xae4 ./Src/gpio.o
 .debug_macro   0x00000b56       0x22 ./Src/gpio.o
 .debug_macro   0x00000b78       0x8e ./Src/gpio.o
 .debug_macro   0x00000c06       0x51 ./Src/gpio.o
 .debug_macro   0x00000c57      0x103 ./Src/gpio.o
 .debug_macro   0x00000d5a       0x6a ./Src/gpio.o
 .debug_macro   0x00000dc4      0x1df ./Src/gpio.o
 .debug_macro   0x00000fa3       0xca ./Src/gpio.o
 .debug_macro   0x0000106d       0x81 ./Src/keypad.o
 .debug_macro   0x000010ee       0x3a ./Src/keypad.o
 .debug_macro   0x00001128       0x8a ./Src/main.o
 .debug_macro   0x000011b2       0x3a ./Src/main.o
 .debug_macro   0x000011ec       0x81 ./Src/sevenseg.o
 .debug_macro   0x0000126d       0x34 ./Src/sevenseg.o

.debug_line     0x00000000     0x141b
 .debug_line    0x00000000      0x516 ./Src/gpio.o
 .debug_line    0x00000516      0x51f ./Src/keypad.o
 .debug_line    0x00000a35      0x45a ./Src/main.o
 .debug_line    0x00000e8f      0x511 ./Src/sevenseg.o
 .debug_line    0x000013a0       0x7b ./Startup/startup_stm32l476rgtx.o

.debug_str      0x00000000     0x4570
 .debug_str     0x00000000     0x4570 ./Src/gpio.o
                               0x440b (size before relaxing)
 .debug_str     0x00004570     0x444d ./Src/keypad.o
 .debug_str     0x00004570     0x4413 ./Src/main.o
 .debug_str     0x00004570     0x4428 ./Src/sevenseg.o
 .debug_str     0x00004570       0x62 ./Startup/startup_stm32l476rgtx.o

.comment        0x00000000       0x43
 .comment       0x00000000       0x43 ./Src/gpio.o
                                 0x44 (size before relaxing)
 .comment       0x00000043       0x44 ./Src/keypad.o
 .comment       0x00000043       0x44 ./Src/main.o
 .comment       0x00000043       0x44 ./Src/sevenseg.o

.debug_frame    0x00000000      0x274
 .debug_frame   0x00000000       0xac ./Src/gpio.o
 .debug_frame   0x000000ac       0x90 ./Src/keypad.o
 .debug_frame   0x0000013c       0x54 ./Src/main.o
 .debug_frame   0x00000190       0xb8 ./Src/sevenseg.o
 .debug_frame   0x00000248       0x2c C:/ST/STM32CubeIDE_1.19.0/STM32CubeIDE/plugins/com.st.stm32cube.ide.mcu.externaltools.gnu-tools-for-stm32.13.3.rel1.win32_1.0.0.202411081344/tools/bin/../lib/gcc/arm-none-eabi/13.3.1/../../../../arm-none-eabi/lib/thumb/v7e-m+fp/hard\libc_nano.a(libc_a-init.o)

.debug_line_str
                0x00000000       0x46
 .debug_line_str
                0x00000000       0x46 ./Startup/startup_stm32l476rgtx.o
