Archive member included to satisfy reference by file (symbol)

C:/ST/STM32CubeIDE_1.19.0/STM32CubeIDE/plugins/com.st.stm32cube.ide.mcu.externaltools.gnu-tools-for-stm32.13.3.rel1.win32_1.0.0.202411081344/tools/bin/../lib/gcc/arm-none-eabi/13.3.1/../../../../arm-none-eabi/lib/thumb/v7e-m+fp/hard\libc_nano.a(libc_a-exit.o)
                              C:/ST/STM32CubeIDE_1.19.0/STM32CubeIDE/plugins/com.st.stm32cube.ide.mcu.externaltools.gnu-tools-for-stm32.13.3.rel1.win32_1.0.0.202411081344/tools/bin/../lib/gcc/arm-none-eabi/13.3.1/../../../../arm-none-eabi/lib/thumb/v7e-m+fp/hard/crt0.o (exit)
C:/ST/STM32CubeIDE_1.19.0/STM32CubeIDE/plugins/com.st.stm32cube.ide.mcu.externaltools.gnu-tools-for-stm32.13.3.rel1.win32_1.0.0.202411081344/tools/bin/../lib/gcc/arm-none-eabi/13.3.1/../../../../arm-none-eabi/lib/thumb/v7e-m+fp/hard\libc_nano.a(libc_a-findfp.o)
                              C:/ST/STM32CubeIDE_1.19.0/STM32CubeIDE/plugins/com.st.stm32cube.ide.mcu.externaltools.gnu-tools-for-stm32.13.3.rel1.win32_1.0.0.202411081344/tools/bin/../lib/gcc/arm-none-eabi/13.3.1/../../../../arm-none-eabi/lib/thumb/v7e-m+fp/hard\libc_nano.a(libc_a-exit.o) (__stdio_exit_handler)
C:/ST/STM32CubeIDE_1.19.0/STM32CubeIDE/plugins/com.st.stm32cube.ide.mcu.externaltools.gnu-tools-for-stm32.13.3.rel1.win32_1.0.0.202411081344/tools/bin/../lib/gcc/arm-none-eabi/13.3.1/../../../../arm-none-eabi/lib/thumb/v7e-m+fp/hard\libc_nano.a(libc_a-fwalk.o)
                              C:/ST/STM32CubeIDE_1.19.0/STM32CubeIDE/plugins/com.st.stm32cube.ide.mcu.externaltools.gnu-tools-for-stm32.13.3.rel1.win32_1.0.0.202411081344/tools/bin/../lib/gcc/arm-none-eabi/13.3.1/../../../../arm-none-eabi/lib/thumb/v7e-m+fp/hard\libc_nano.a(libc_a-findfp.o) (_fwalk_sglue)
C:/ST/STM32CubeIDE_1.19.0/STM32CubeIDE/plugins/com.st.stm32cube.ide.mcu.externaltools.gnu-tools-for-stm32.13.3.rel1.win32_1.0.0.202411081344/tools/bin/../lib/gcc/arm-none-eabi/13.3.1/../../../../arm-none-eabi/lib/thumb/v7e-m+fp/hard\libc_nano.a(libc_a-stdio.o)
                              C:/ST/STM32CubeIDE_1.19.0/STM32CubeIDE/plugins/com.st.stm32cube.ide.mcu.externaltools.gnu-tools-for-stm32.13.3.rel1.win32_1.0.0.202411081344/tools/bin/../lib/gcc/arm-none-eabi/13.3.1/../../../../arm-none-eabi/lib/thumb/v7e-m+fp/hard\libc_nano.a(libc_a-findfp.o) (__sread)
C:/ST/STM32CubeIDE_1.19.0/STM32CubeIDE/plugins/com.st.stm32cube.ide.mcu.externaltools.gnu-tools-for-stm32.13.3.rel1.win32_1.0.0.202411081344/tools/bin/../lib/gcc/arm-none-eabi/13.3.1/../../../../arm-none-eabi/lib/thumb/v7e-m+fp/hard\libc_nano.a(libc_a-memset.o)
                              C:/ST/STM32CubeIDE_1.19.0/STM32CubeIDE/plugins/com.st.stm32cube.ide.mcu.externaltools.gnu-tools-for-stm32.13.3.rel1.win32_1.0.0.202411081344/tools/bin/../lib/gcc/arm-none-eabi/13.3.1/../../../../arm-none-eabi/lib/thumb/v7e-m+fp/hard/crt0.o (memset)
C:/ST/STM32CubeIDE_1.19.0/STM32CubeIDE/plugins/com.st.stm32cube.ide.mcu.externaltools.gnu-tools-for-stm32.13.3.rel1.win32_1.0.0.202411081344/tools/bin/../lib/gcc/arm-none-eabi/13.3.1/../../../../arm-none-eabi/lib/thumb/v7e-m+fp/hard\libc_nano.a(libc_a-closer.o)
                              C:/ST/STM32CubeIDE_1.19.0/STM32CubeIDE/plugins/com.st.stm32cube.ide.mcu.externaltools.gnu-tools-for-stm32.13.3.rel1.win32_1.0.0.202411081344/tools/bin/../lib/gcc/arm-none-eabi/13.3.1/../../../../arm-none-eabi/lib/thumb/v7e-m+fp/hard\libc_nano.a(libc_a-stdio.o) (_close_r)
C:/ST/STM32CubeIDE_1.19.0/STM32CubeIDE/plugins/com.st.stm32cube.ide.mcu.externaltools.gnu-tools-for-stm32.13.3.rel1.win32_1.0.0.202411081344/tools/bin/../lib/gcc/arm-none-eabi/13.3.1/../../../../arm-none-eabi/lib/thumb/v7e-m+fp/hard\libc_nano.a(libc_a-reent.o)
                              C:/ST/STM32CubeIDE_1.19.0/STM32CubeIDE/plugins/com.st.stm32cube.ide.mcu.externaltools.gnu-tools-for-stm32.13.3.rel1.win32_1.0.0.202411081344/tools/bin/../lib/gcc/arm-none-eabi/13.3.1/../../../../arm-none-eabi/lib/thumb/v7e-m+fp/hard\libc_nano.a(libc_a-closer.o) (errno)
C:/ST/STM32CubeIDE_1.19.0/STM32CubeIDE/plugins/com.st.stm32cube.ide.mcu.externaltools.gnu-tools-for-stm32.13.3.rel1.win32_1.0.0.202411081344/tools/bin/../lib/gcc/arm-none-eabi/13.3.1/../../../../arm-none-eabi/lib/thumb/v7e-m+fp/hard\libc_nano.a(libc_a-impure.o)
                              C:/ST/STM32CubeIDE_1.19.0/STM32CubeIDE/plugins/com.st.stm32cube.ide.mcu.externaltools.gnu-tools-for-stm32.13.3.rel1.win32_1.0.0.202411081344/tools/bin/../lib/gcc/arm-none-eabi/13.3.1/../../../../arm-none-eabi/lib/thumb/v7e-m+fp/hard\libc_nano.a(libc_a-reent.o) (_impure_ptr)
C:/ST/STM32CubeIDE_1.19.0/STM32CubeIDE/plugins/com.st.stm32cube.ide.mcu.externaltools.gnu-tools-for-stm32.13.3.rel1.win32_1.0.0.202411081344/tools/bin/../lib/gcc/arm-none-eabi/13.3.1/../../../../arm-none-eabi/lib/thumb/v7e-m+fp/hard\libc_nano.a(libc_a-lseekr.o)
[...]
Memory Configuration

Name             Origin             Length             Attributes
RAM              0x20000000         0x00018000         xrw
SRAM2            0x10000000         0x00008000         xrw
FLASH            0x08000000         0x00100000         xr
*default*        0x00000000         0xffffffff

Linker script and memory map

LOAD C:/ST/STM32CubeIDE_1.19.0/STM32CubeIDE/plugins/com.st.stm32cube.ide.mcu.externaltools.gnu-tools-for-stm32.13.3.rel1.win32_1.0.0.202411081344/tools/bin/../lib/gcc/arm-none-eabi/13.3.1/thumb/v7e-m+fp/hard/crti.o
LOAD C:/ST/STM32CubeIDE_1.19.0/STM32CubeIDE/plugins/com.st.stm32cube.ide.mcu.externaltools.gnu-tools-for-stm32.13.3.rel1.win32_1.0.0.202411081344/tools/bin/../lib/gcc/arm-none-eabi/13.3.1/thumb/v7e-m+fp/hard/crtbegin.o
LOAD C:/ST/STM32CubeIDE_1.19.0/STM32CubeIDE/plugins/com.st.stm32cube.ide.mcu.externaltools.gnu-tools-for-stm32.13.3.rel1.win32_1.0.0.202411081344/tools/bin/../lib/gcc/arm-none-eabi/13.3.1/../../../../arm-none-eabi/lib/thumb/v7e-m+fp/hard/crt0.o
LOAD ./Src/adc.o
LOAD ./Src/gpio.o
LOAD ./Src/i2c.o
LOAD ./Src/main.o
LOAD ./Src/oled.o
LOAD ./Src/oled_fonts.o
LOAD ./Src/syscalls.o
LOAD ./Src/sysmem.o
LOAD ./Startup/startup_stm32l476rgtx.o
START GROUP
LOAD C:/ST/STM32CubeIDE_1.19.0/STM32CubeIDE/plugins/com.st.stm32cube.ide.mcu.externaltools.gnu-tools-for-stm32.13.3.rel1.win32_1.0.0.202411081344/tools/bin/../lib/gcc/arm-none-eabi/13.3.1/../../../../arm-none-eabi/lib/thumb/v7e-m+fp/hard\libc_nano.a
LOAD C:/ST/STM32CubeIDE_1.19.0/STM32CubeIDE/plugins/com.st.stm32cube.ide.mcu.externaltools.gnu-tools-for-stm32.13.3.rel1.win32_1.0.0.202411081344/tools/bin/../lib/gcc/arm-none-eabi/13.3.1/../../../../arm-none-eabi/lib/thumb/v7e-m+fp/hard\libm.a
END GROUP
START GROUP
LOAD C:/ST/STM32CubeIDE_1.19.0/STM32CubeIDE/plugins/com.st.stm32cube.ide.mcu.externaltools.gnu-tools-for-stm32.13.3.rel1.win32_1.0.0.202411081344/tools/bin/../lib/gcc/arm-none-eabi/13.3.1/thumb/v7e-m+fp/hard\libgcc.a
LOAD C:/ST/STM32CubeIDE_1.19.0/STM32CubeIDE/plugins/com.st.stm32cube.ide.mcu.externaltools.gnu-tools-for-stm32.13.3.rel1.win32_1.0.0.202411081344/tools/bin/../lib/gcc/arm-none-eabi/13.3.1/../../../../arm-none-eabi/lib/thumb/v7e-m+fp/hard\libc_nano.a
END GROUP
START GROUP
LOAD C:/ST/STM32CubeIDE_1.19.0/STM32CubeIDE/plugins/com.st.stm32cube.ide.mcu.externaltools.gnu-tools-for-stm32.13.3.rel1.win32_1.0.0.202411081344/tools/bin/../lib/gcc/arm-none-eabi/13.3.1/thumb/v7e-m+fp/hard\libgcc.a
LOAD C:/ST/STM32CubeIDE_1.19.0/STM32CubeIDE/plugins/com.st.stm32cube.ide.mcu.externaltools.gnu-tools-for-stm32.13.3.rel1.win32_1.0.0.202411081344/tools/bin/../lib/gcc/arm-none-eabi/13.3.1/../../../../arm-none-eabi/lib/thumb/v7e-m+fp/hard\libc_nano.a
LOAD C:/ST/STM32CubeIDE_1.19.0/STM32CubeIDE/plugins/com.st.stm32cube.ide.mcu.externaltools.gnu-tools-for-stm32.13.3.rel1.win32_1.0.0.202411081344/tools/bin/../lib/gcc/arm-none-eabi/13.3.1/../../../../arm-none-eabi/lib/thumb/v7e-m+fp/hard\libnosys.a
END GROUP
START GROUP
LOAD C:/ST/STM32CubeIDE_1.19.0/STM32CubeIDE/plugins/com.st.stm32cube.ide.mcu.externaltools.gnu-tools-for-stm32.13.3.rel1.win32_1.0.0.202411081344/tools/bin/../lib/gcc/arm-none-eabi/13.3.1/thumb/v7e-m+fp/hard\libgcc.a
LOAD C:/ST/STM32CubeIDE_1.19.0/STM32CubeIDE/plugins/com.st.stm32cube.ide.mcu.externaltools.gnu-tools-for-stm32.13.3.rel1.win32_1.0.0.202411081344/tools/bin/../lib/gcc/arm-none-eabi/13.3.1/../../../../arm-none-eabi/lib/thumb/v7e-m+fp/hard\libc_nano.a
LOAD C:/ST/STM32CubeIDE_1.19.0/STM32CubeIDE/plugins/com.st.stm32cube.ide.mcu.externaltools.gnu-tools-for-stm32.13.3.rel1.win32_1.0.0.202411081344/tools/bin/../lib/gcc/arm-none-eabi/13.3.1/../../../../arm-none-eabi/lib/thumb/v7e-m+fp/hard\libnosys.a
END GROUP
LOAD C:/ST/STM32CubeIDE_1.19.0/STM32CubeIDE/plugins/com.st.stm32cube.ide.mcu.externaltools.gnu-tools-for-stm32.13.3.rel1.win32_1.0.0.202411081344/tools/bin/../lib/gcc/arm-none-eabi/13.3.1/thumb/v7e-m+fp/hard/crtend.o
LOAD C:/ST/STM32CubeIDE_1.19.0/STM32CubeIDE/plugins/com.st.stm32cube.ide.mcu.externaltools.gnu-tools-for-stm32.13.3.rel1.win32_1.0.0.202411081344/tools/bin/../lib/gcc/arm-none-eabi/13.3.1/thumb/v7e-m+fp/hard/crtn.o
                0x20018000                        _estack = (ORIGIN (RAM) + LENGTH (RAM))
                0x00000200                        _Min_Heap_Size = 0x200
                0x00000400                        _Min_Stack_Size = 0x400

.isr_vector     0x08000000      0x18c
                0x08000000                        . = ALIGN (0x4)
 *(.isr_vector)
 .isr_vector    0x08000000      0x18c ./Startup/startup_stm32l476rgtx.o
                0x08000000                g_pfnVectors
                0x0800018c                        . = ALIGN (0x4)

.text           0x0800018c      0x9dc
                0x0800018c                        . = ALIGN (0x4)
 *(.text)
 .text          0x0800018c       0x40 C:/ST/STM32CubeIDE_1.19.0/STM32CubeIDE/plugins/com.st.stm32cube.ide.mcu.externaltools.gnu-tools-for-stm32.13.3.rel1.win32_1.0.0.202411081344/tools/bin/../lib/gcc/arm-none-eabi/13.3.1/thumb/v7e-m+fp/hard/crtbegin.o
 *(.text*)
 .text.adc_delay
                0x080001cc       0x2a ./Src/adc.o
 *fill*         0x080001f6        0x2 
 .text.adc1_pa0_init
                0x080001f8      0x120 ./Src/adc.o
                0x080001f8                adc1_pa0_init
 .text.gpio_i2c1_pins_init
                0x08000318       0x90 ./Src/gpio.o
                0x08000318                gpio_i2c1_pins_init
 .text.wait_until_set
                0x080003a8       0x40 ./Src/i2c.o
 .text.wait_while_set
                0x080003e8       0x40 ./Src/i2c.o
 .text.i2c1_init
                0x08000428       0x7c ./Src/i2c.o
                0x08000428                i2c1_init
 .text.i2c1_write
                0x080004a4       0xdc ./Src/i2c.o
                0x080004a4                i2c1_write
 .text.i2c1_write_byte
                0x08000580       0x32 ./Src/i2c.o
                0x08000580                i2c1_write_byte
 .text.delay    0x080005b2       0x26 ./Src/main.o
                0x080005b2                delay
 .text.main     0x080005d8       0x68 ./Src/main.o
                0x080005d8                main
 .text.oled_command
                0x08000640       0x20 ./Src/oled.o
 .text.oled_data_block
                0x08000660       0x48 ./Src/oled.o
 .text.oled_init
                0x080006a8      0x224 ./Src/oled.o
                0x080006a8                oled_init
 .text.oled_update
                0x080008cc       0x50 ./Src/oled.o
                0x080008cc                oled_update
 .text.oled_clear
                0x0800091c       0x30 ./Src/oled.o
                0x0800091c                oled_clear
 .text.oled_pixel
                0x0800094c       0x9c ./Src/oled.o
                0x0800094c                oled_pixel
 .text.oled_bitmap
                0x080009e8       0x9e ./Src/oled.o
                0x080009e8                oled_bitmap
 *fill*         0x08000a86        0x2 
 .text.Reset_Handler
                0x08000a88       0x50 ./Startup/startup_stm32l476rgtx.o
                0x08000a88                Reset_Handler
 .text.Default_Handler
                0x08000ad8        0x2 ./Startup/startup_stm32l476rgtx.o
                0x08000ad8                EXTI2_IRQHandler
                0x08000ad8                TIM8_TRG_COM_IRQHandler
                0x08000ad8                TIM8_CC_IRQHandler
                0x08000ad8                DebugMon_Handler
                0x08000ad8                DMA1_CH4_IRQHandler
                0x08000ad8                TIM1_CC_IRQHandler
                0x08000ad8                TSC_IRQHandler
                0x08000ad8                HardFault_Handler
                0x08000ad8                SysTick_Handler
                0x08000ad8                TAMP_STAMP_IRQHandler
                0x08000ad8                PendSV_Handler
                0x08000ad8                NMI_Handler
                0x08000ad8                EXTI3_IRQHandler
                0x08000ad8                LPTIM2_IRQHandler
                0x08000ad8                DFSDM1_FLT1_IRQHandler
                0x08000ad8                I2C3_ER_IRQHandler
                0x08000ad8                DFSDM1_FLT2_IRQHandler
                0x08000ad8                TIM6_DACUNDER_IRQHandler
                0x08000ad8                EXTI0_IRQHandler
                0x08000ad8                I2C2_EV_IRQHandler
                0x08000ad8                DMA2_CH1_IRQHandler
                0x08000ad8                CAN1_RX0_IRQHandler
                0x08000ad8                FPU_IRQHandler
                0x08000ad8                TIM1_UP_TIM16_IRQHandler
                0x08000ad8                DMA2_CH7_IRQHandler
                0x08000ad8                UsageFault_Handler
                0x08000ad8                ADC1_2_IRQHandler
                0x08000ad8                SPI1_IRQHandler
                0x08000ad8                DMA1_CH7_IRQHandler
                0x08000ad8                TIM8_UP_IRQHandler
                0x08000ad8                RTC_ALARM_IRQHandler
                0x08000ad8                SAI2_IRQHandler
                0x08000ad8                DFSDM1_FLT3_IRQHandler
                0x08000ad8                DMA1_CH6_IRQHandler
                0x08000ad8                USART3_IRQHandler
                0x08000ad8                CAN1_RX1_IRQHandler
                0x08000ad8                LCD_IRQHandler
                0x08000ad8                UART5_IRQHandler
                0x08000ad8                ADC3_IRQHandler
                0x08000ad8                TIM4_IRQHandler
                0x08000ad8                QUADSPI_IRQHandler
                0x08000ad8                I2C1_EV_IRQHandler
                0x08000ad8                DMA2_CH5_IRQHandler
                0x08000ad8                UART4_IRQHandler
                0x08000ad8                DMA1_CH3_IRQHandler
                0x08000ad8                TIM3_IRQHandler
                0x08000ad8                RCC_IRQHandler
                0x08000ad8                Default_Handler
                0x08000ad8                EXTI15_10_IRQHandler
                0x08000ad8                TIM7_IRQHandler
                0x08000ad8                SDMMC1_IRQHandler
                0x08000ad8                TIM5_IRQHandler
                0x08000ad8                I2C3_EV_IRQHandler
                0x08000ad8                EXTI9_5_IRQHandler
                0x08000ad8                DMA1_CH2_IRQHandler
                0x08000ad8                RTC_WKUP_IRQHandler
                0x08000ad8                PVD_PVM_IRQHandler
                0x08000ad8                SPI2_IRQHandler
                0x08000ad8                DMA1_CH1_IRQHandler
                0x08000ad8                MemManage_Handler
                0x08000ad8                CAN1_TX_IRQHandler
                0x08000ad8                SVC_Handler
                0x08000ad8                CRS_IRQHandler
                0x08000ad8                EXTI4_IRQHandler
                0x08000ad8                RNG_IRQHandler
                0x08000ad8                TIM1_TRG_COM_TIM17_IRQHandler
                0x08000ad8                COMP_IRQHandler
                0x08000ad8                WWDG_IRQHandler
                0x08000ad8                LPUART1_IRQHandler
                0x08000ad8                TIM2_IRQHandler
                0x08000ad8                EXTI1_IRQHandler
                0x08000ad8                USART2_IRQHandler
                0x08000ad8                DFSDM1_FLT0_IRQHandler
                0x08000ad8                I2C2_ER_IRQHandler
                0x08000ad8                TIM8_BRK_IRQHandler
                0x08000ad8                CAN1_SCE_IRQHandler
                0x08000ad8                FLASH_IRQHandler
                0x08000ad8                BusFault_Handler
                0x08000ad8                USART1_IRQHandler
                0x08000ad8                OTG_FS_IRQHandler
                0x08000ad8                SPI3_IRQHandler
                0x08000ad8                DMA2_CH6_IRQHandler
                0x08000ad8                DMA2_CH3_IRQHandler
                0x08000ad8                DMA2_CH2_IRQHandler
                0x08000ad8                I2C1_ER_IRQHandler
                0x08000ad8                FMC_IRQHandler
                0x08000ad8                DMA1_CH5_IRQHandler
                0x08000ad8                DMA2_CH4_IRQHandler
                0x08000ad8                SWPMI1_IRQHandler
                0x08000ad8                LPTIM1_IRQHandler
                0x08000ad8                SAI1_IRQHandler
                0x08000ad8                TIM1_BRK_TIM15_IRQHandler
 .text.memset   0x08000ada       0x10 C:/ST/STM32CubeIDE_1.19.0/STM32CubeIDE/plugins/com.st.stm32cube.ide.mcu.externaltools.gnu-tools-for-stm32.13.3.rel1.win32_1.0.0.202411081344/tools/bin/../lib/gcc/arm-none-eabi/13.3.1/../../../../arm-none-eabi/lib/thumb/v7e-m+fp/hard\libc_nano.a(libc_a-memset.o)
                0x08000ada                memset
 *fill*         0x08000aea        0x2 
 .text.__libc_init_array
                0x08000aec       0x48 C:/ST/STM32CubeIDE_1.19.0/STM32CubeIDE/plugins/com.st.stm32cube.ide.mcu.externaltools.gnu-tools-for-stm32.13.3.rel1.win32_1.0.0.202411081344/tools/bin/../lib/gcc/arm-none-eabi/13.3.1/../../../../arm-none-eabi/lib/thumb/v7e-m+fp/hard\libc_nano.a(libc_a-init.o)
                0x08000aec                __libc_init_array
 .text.memcpy   0x08000b34       0x1c C:/ST/STM32CubeIDE_1.19.0/STM32CubeIDE/plugins/com.st.stm32cube.ide.mcu.externaltools.gnu-tools-for-stm32.13.3.rel1.win32_1.0.0.202411081344/tools/bin/../lib/gcc/arm-none-eabi/13.3.1/../../../../arm-none-eabi/lib/thumb/v7e-m+fp/hard\libc_nano.a(libc_a-memcpy-stub.o)
                0x08000b34                memcpy
 *(.glue_7)
 .glue_7        0x08000b50        0x0 linker stubs
 *(.glue_7t)
 .glue_7t       0x08000b50        0x0 linker stubs
 *(.eh_frame)
 .eh_frame      0x08000b50        0x0 C:/ST/STM32CubeIDE_1.19.0/STM32CubeIDE/plugins/com.st.stm32cube.ide.mcu.externaltools.gnu-tools-for-stm32.13.3.rel1.win32_1.0.0.202411081344/tools/bin/../lib/gcc/arm-none-eabi/13.3.1/thumb/v7e-m+fp/hard/crtbegin.o
 *(.init)
 .init          0x08000b50        0x4 C:/ST/STM32CubeIDE_1.19.0/STM32CubeIDE/plugins/com.st.stm32cube.ide.mcu.externaltools.gnu-tools-for-stm32.13.3.rel1.win32_1.0.0.202411081344/tools/bin/../lib/gcc/arm-none-eabi/13.3.1/thumb/v7e-m+fp/hard/crti.o
                0x08000b50                _init
 .init          0x08000b54        0x8 C:/ST/STM32CubeIDE_1.19.0/STM32CubeIDE/plugins/com.st.stm32cube.ide.mcu.externaltools.gnu-tools-for-stm32.13.3.rel1.win32_1.0.0.202411081344/tools/bin/../lib/gcc/arm-none-eabi/13.3.1/thumb/v7e-m+fp/hard/crtn.o
 *(.fini)
 .fini          0x08000b5c        0x4 C:/ST/STM32CubeIDE_1.19.0/STM32CubeIDE/plugins/com.st.stm32cube.ide.mcu.externaltools.gnu-tools-for-stm32.13.3.rel1.win32_1.0.0.202411081344/tools/bin/../lib/gcc/arm-none-eabi/13.3.1/thumb/v7e-m+fp/hard/crti.o
                0x08000b5c                _fini
 .fini          0x08000b60        0x8 C:/ST/STM32CubeIDE_1.19.0/STM32CubeIDE/plugins/com.st.stm32cube.ide.mcu.externaltools.gnu-tools-for-stm32.13.3.rel1.win32_1.0.0.202411081344/tools/bin/../lib/gcc/arm-none-eabi/13.3.1/thumb/v7e-m+fp/hard/crtn.o
                0x08000b68                        . = ALIGN (0x4)
                0x08000b68                        _etext = .

.vfp11_veneer   0x08000b68        0x0
 .vfp11_veneer  0x08000b68        0x0 linker stubs

.v4_bx          0x08000b68        0x0
 .v4_bx         0x08000b68        0x0 linker stubs

.iplt           0x08000b68        0x0
 .iplt          0x08000b68        0x0 C:/ST/STM32CubeIDE_1.19.0/STM32CubeIDE/plugins/com.st.stm32cube.ide.mcu.externaltools.gnu-tools-for-stm32.13.3.rel1.win32_1.0.0.202411081344/tools/bin/../lib/gcc/arm-none-eabi/13.3.1/thumb/v7e-m+fp/hard/crtbegin.o

.rodata         0x08000b68      0x400
                0x08000b68                        . = ALIGN (0x4)
 *(.rodata)
 *(.rodata*)
 .rodata.logo   0x08000b68      0x400 ./Src/main.o
                0x08000b68                logo
                0x08000f68                        . = ALIGN (0x4)

.ARM.extab      0x08000f68        0x0
                0x08000f68                        . = ALIGN (0x4)
 *(.ARM.extab* .gnu.linkonce.armextab.*)
                0x08000f68                        . = ALIGN (0x4)

.ARM            0x08000f68        0x0
                0x08000f68                        . = ALIGN (0x4)
                0x08000f68                        __exidx_start = .
 *(.ARM.exidx*)
                0x08000f68                        __exidx_end = .
                0x08000f68                        . = ALIGN (0x4)

.preinit_array  0x08000f68        0x0
                0x08000f68                        . = ALIGN (0x4)
                0x08000f68                        PROVIDE (__preinit_array_start = .)
 *(.preinit_array*)
                0x08000f68                        PROVIDE (__preinit_array_end = .)
                0x08000f68                        . = ALIGN (0x4)

.init_array     0x08000f68        0x4
                0x08000f68                        . = ALIGN (0x4)
                0x08000f68                        PROVIDE (__init_array_start = .)
 *(SORT_BY_NAME(.init_array.*))
 *(.init_array*)
 .init_array    0x08000f68        0x4 C:/ST/STM32CubeIDE_1.19.0/STM32CubeIDE/plugins/com.st.stm32cube.ide.mcu.externaltools.gnu-tools-for-stm32.13.3.rel1.win32_1.0.0.202411081344/tools/bin/../lib/gcc/arm-none-eabi/13.3.1/thumb/v7e-m+fp/hard/crtbegin.o
                0x08000f6c                        PROVIDE (__init_array_end = .)
                0x08000f6c                        . = ALIGN (0x4)

.fini_array     0x08000f6c        0x4
                0x08000f6c                        . = ALIGN (0x4)
                [!provide]                        PROVIDE (__fini_array_start = .)
 *(SORT_BY_NAME(.fini_array.*))
 *(.fini_array*)
 .fini_array    0x08000f6c        0x4 C:/ST/STM32CubeIDE_1.19.0/STM32CubeIDE/plugins/com.st.stm32cube.ide.mcu.externaltools.gnu-tools-for-stm32.13.3.rel1.win32_1.0.0.202411081344/tools/bin/../lib/gcc/arm-none-eabi/13.3.1/thumb/v7e-m+fp/hard/crtbegin.o
                [!provide]                        PROVIDE (__fini_array_end = .)
                0x08000f70                        . = ALIGN (0x4)
                0x08000f70                        _sidata = LOADADDR (.data)

.rel.dyn        0x08000f70        0x0
 .rel.iplt      0x08000f70        0x0 C:/ST/STM32CubeIDE_1.19.0/STM32CubeIDE/plugins/com.st.stm32cube.ide.mcu.externaltools.gnu-tools-for-stm32.13.3.rel1.win32_1.0.0.202411081344/tools/bin/../lib/gcc/arm-none-eabi/13.3.1/thumb/v7e-m+fp/hard/crtbegin.o

.data           0x20000000        0x0 load address 0x08000f70
                0x20000000                        . = ALIGN (0x4)
                0x20000000                        _sdata = .
 *(.data)
 *(.data*)
 *(.RamFunc)
 *(.RamFunc*)
                0x20000000                        . = ALIGN (0x4)
                0x20000000                        _edata = .
                0x08000f70                        _sisram2 = LOADADDR (.sram2)

.igot.plt       0x20000000        0x0 load address 0x08000f70
 .igot.plt      0x20000000        0x0 C:/ST/STM32CubeIDE_1.19.0/STM32CubeIDE/plugins/com.st.stm32cube.ide.mcu.externaltools.gnu-tools-for-stm32.13.3.rel1.win32_1.0.0.202411081344/tools/bin/../lib/gcc/arm-none-eabi/13.3.1/thumb/v7e-m+fp/hard/crtbegin.o

.sram2          0x10000000        0x0 load address 0x08000f70
                0x10000000                        . = ALIGN (0x4)
                0x10000000                        _ssram2 = .
 *(.sram2)
 *(.sram2*)
                0x10000000                        . = ALIGN (0x4)
                0x10000000                        _esram2 = .
                0x10000000                        . = ALIGN (0x4)

.bss            0x20000000      0x420
                0x20000000                        _sbss = .
                0x20000000                        __bss_start__ = _sbss
 *(.bss)
 .bss           0x20000000       0x1c C:/ST/STM32CubeIDE_1.19.0/STM32CubeIDE/plugins/com.st.stm32cube.ide.mcu.externaltools.gnu-tools-for-stm32.13.3.rel1.win32_1.0.0.202411081344/tools/bin/../lib/gcc/arm-none-eabi/13.3.1/thumb/v7e-m+fp/hard/crtbegin.o
 *(.bss*)
 .bss.oled_buffer
                0x2000001c      0x400 ./Src/oled.o
 .bss.cursor_x  0x2000041c        0x2 ./Src/oled.o
 .bss.cursor_y  0x2000041e        0x2 ./Src/oled.o
 *(COMMON)
                0x20000420                        . = ALIGN (0x4)
                0x20000420                        _ebss = .
                0x20000420                        __bss_end__ = _ebss

._user_heap_stack
                0x20000420      0x600
                0x20000420                        . = ALIGN (0x8)
                [!provide]                        PROVIDE (end = .)
                0x20000420                        PROVIDE (_end = .)
                0x20000620                        . = (. + _Min_Heap_Size)
 *fill*         0x20000420      0x200 
                0x20000a20                        . = (. + _Min_Stack_Size)
 *fill*         0x20000620      0x400 
                0x20000a20                        . = ALIGN (0x8)

/DISCARD/
 libc.a(*)
 libm.a(*)
 libgcc.a(*)

.ARM.attributes
                0x00000000       0x30
 *(.ARM.attributes)
 .ARM.attributes
                0x00000000       0x22 C:/ST/STM32CubeIDE_1.19.0/STM32CubeIDE/plugins/com.st.stm32cube.ide.mcu.externaltools.gnu-tools-for-stm32.13.3.rel1.win32_1.0.0.202411081344/tools/bin/../lib/gcc/arm-none-eabi/13.3.1/thumb/v7e-m+fp/hard/crti.o
 .ARM.attributes
                0x00000022       0x34 C:/ST/STM32CubeIDE_1.19.0/STM32CubeIDE/plugins/com.st.stm32cube.ide.mcu.externaltools.gnu-tools-for-stm32.13.3.rel1.win32_1.0.0.202411081344/tools/bin/../lib/gcc/arm-none-eabi/13.3.1/thumb/v7e-m+fp/hard/crtbegin.o
 .ARM.attributes
                0x00000056       0x34 ./Src/adc.o
 .ARM.attributes
                0x0000008a       0x34 ./Src/gpio.o
 .ARM.attributes
                0x000000be       0x34 ./Src/i2c.o
 .ARM.attributes
                0x000000f2       0x34 ./Src/main.o
 .ARM.attributes
                0x00000126       0x34 ./Src/oled.o
 .ARM.attributes
                0x0000015a       0x21 ./Startup/startup_stm32l476rgtx.o
 .ARM.attributes
                0x0000017b       0x34 C:/ST/STM32CubeIDE_1.19.0/STM32CubeIDE/plugins/com.st.stm32cube.ide.mcu.externaltools.gnu-tools-for-stm32.13.3.rel1.win32_1.0.0.202411081344/tools/bin/../lib/gcc/arm-none-eabi/13.3.1/../../../../arm-none-eabi/lib/thumb/v7e-m+fp/hard\libc_nano.a(libc_a-memset.o)
 .ARM.attributes
                0x000001af       0x34 C:/ST/STM32CubeIDE_1.19.0/STM32CubeIDE/plugins/com.st.stm32cube.ide.mcu.externaltools.gnu-tools-for-stm32.13.3.rel1.win32_1.0.0.202411081344/tools/bin/../lib/gcc/arm-none-eabi/13.3.1/../../../../arm-none-eabi/lib/thumb/v7e-m+fp/hard\libc_nano.a(libc_a-init.o)
 .ARM.attributes
                0x000001e3       0x34 C:/ST/STM32CubeIDE_1.19.0/STM32CubeIDE/plugins/com.st.stm32cube.ide.mcu.externaltools.gnu-tools-for-stm32.13.3.rel1.win32_1.0.0.202411081344/tools/bin/../lib/gcc/arm-none-eabi/13.3.1/../../../../arm-none-eabi/lib/thumb/v7e-m+fp/hard\libc_nano.a(libc_a-memcpy-stub.o)
 .ARM.attributes
                0x00000217       0x22 C:/ST/STM32CubeIDE_1.19.0/STM32CubeIDE/plugins/com.st.stm32cube.ide.mcu.externaltools.gnu-tools-for-stm32.13.3.rel1.win32_1.0.0.202411081344/tools/bin/../lib/gcc/arm-none-eabi/13.3.1/thumb/v7e-m+fp/hard/crtn.o
OUTPUT(OLED_DISP.elf elf32-littlearm)
LOAD linker stubs
LOAD C:/ST/STM32CubeIDE_1.19.0/STM32CubeIDE/plugins/com.st.stm32cube.ide.mcu.externaltools.gnu-tools-for-stm32.13.3.rel1.win32_1.0.0.202411081344/tools/bin/../lib/gcc/arm-none-eabi/13.3.1/../../../../arm-none-eabi/lib/thumb/v7e-m+fp/hard\libc.a
LOAD C:/ST/STM32CubeIDE_1.19.0/STM32CubeIDE/plugins/com.st.stm32cube.ide.mcu.externaltools.gnu-tools-for-stm32.13.3.rel1.win32_1.0.0.202411081344/tools/bin/../lib/gcc/arm-none-eabi/13.3.1/../../../../arm-none-eabi/lib/thumb/v7e-m+fp/hard\libm.a
LOAD C:/ST/STM32CubeIDE_1.19.0/STM32CubeIDE/plugins/com.st.stm32cube.ide.mcu.externaltools.gnu-tools-for-stm32.13.3.rel1.win32_1.0.0.202411081344/tools/bin/../lib/gcc/arm-none-eabi/13.3.1/thumb/v7e-m+fp/hard\libgcc.a

.debug_info     0x00000000     0x149c
 .debug_info    0x00000000      0x4d4 ./Src/adc.o
 .debug_info    0x000004d4      0x33a ./Src/gpio.o
 .debug_info    0x0000080e      0x4a3 ./Src/i2c.o
 .debug_info    0x00000cb1      0x2f5 ./Src/main.o
 .debug_info    0x00000fa6      0x4c6 ./Src/oled.o
 .debug_info    0x0000146c       0x30 ./Startup/startup_stm32l476rgtx.o

.debug_abbrev   0x00000000      0x6b4
 .debug_abbrev  0x00000000      0x11d ./Src/adc.o
 .debug_abbrev  0x0000011d       0xa3 ./Src/gpio.o
 .debug_abbrev  0x000001c0      0x161 ./Src/i2c.o
 .debug_abbrev  0x00000321      0x195 ./Src/main.o
 .debug_abbrev  0x000004b6      0x1da ./Src/oled.o
 .debug_abbrev  0x00000690       0x24 ./Startup/startup_stm32l476rgtx.o

.debug_aranges  0x00000000      0x158
 .debug_aranges
                0x00000000       0x38 ./Src/adc.o
 .debug_aranges
                0x00000038       0x20 ./Src/gpio.o
 .debug_aranges
                0x00000058       0x40 ./Src/i2c.o
 .debug_aranges
                0x00000098       0x30 ./Src/main.o
 .debug_aranges
                0x000000c8       0x68 ./Src/oled.o
 .debug_aranges
                0x00000130       0x28 ./Startup/startup_stm32l476rgtx.o

.debug_rnglists
                0x00000000       0xeb
 .debug_rnglists
                0x00000000       0x26 ./Src/adc.o
 .debug_rnglists
                0x00000026       0x14 ./Src/gpio.o
 .debug_rnglists
                0x0000003a       0x2c ./Src/i2c.o
 .debug_rnglists
                0x00000066       0x1f ./Src/main.o
 .debug_rnglists
                0x00000085       0x4d ./Src/oled.o
 .debug_rnglists
                0x000000d2       0x19 ./Startup/startup_stm32l476rgtx.o

.debug_macro    0x00000000     0x1e97
 .debug_macro   0x00000000       0x8e ./Src/adc.o
 .debug_macro   0x0000008e      0xade ./Src/adc.o
 .debug_macro   0x00000b6c       0x22 ./Src/adc.o
 .debug_macro   0x00000b8e       0x8e ./Src/adc.o
 .debug_macro   0x00000c1c       0x51 ./Src/adc.o
 .debug_macro   0x00000c6d      0x103 ./Src/adc.o
 .debug_macro   0x00000d70       0x6a ./Src/adc.o
 .debug_macro   0x00000dda      0x1df ./Src/adc.o
 .debug_macro   0x00000fb9       0xff ./Src/adc.o
 .debug_macro   0x000010b8       0x7c ./Src/gpio.o
 .debug_macro   0x00001134       0x86 ./Src/i2c.o
 .debug_macro   0x000011ba       0xce ./Src/main.o
 .debug_macro   0x00001288       0x16 ./Src/main.o
 .debug_macro   0x0000129e       0x16 ./Src/main.o
 .debug_macro   0x000012b4      0x165 ./Src/oled.o
 .debug_macro   0x00001419       0x5b ./Src/oled.o
 .debug_macro   0x00001474       0x2a ./Src/oled.o
 .debug_macro   0x0000149e       0x94 ./Src/oled.o
 .debug_macro   0x00001532       0x43 ./Src/oled.o
 .debug_macro   0x00001575       0x34 ./Src/oled.o
 .debug_macro   0x000015a9      0x190 ./Src/oled.o
 .debug_macro   0x00001739       0x57 ./Src/oled.o
 .debug_macro   0x00001790      0x370 ./Src/oled.o
 .debug_macro   0x00001b00       0x16 ./Src/oled.o
 .debug_macro   0x00001b16       0x4a ./Src/oled.o
 .debug_macro   0x00001b60       0x34 ./Src/oled.o
 .debug_macro   0x00001b94       0x10 ./Src/oled.o
 .debug_macro   0x00001ba4       0x58 ./Src/oled.o
 .debug_macro   0x00001bfc       0x8e ./Src/oled.o
 .debug_macro   0x00001c8a       0x1c ./Src/oled.o
 .debug_macro   0x00001ca6      0x185 ./Src/oled.o
 .debug_macro   0x00001e2b       0x10 ./Src/oled.o
 .debug_macro   0x00001e3b       0x3c ./Src/oled.o
 .debug_macro   0x00001e77       0x20 ./Src/oled.o

.debug_line     0x00000000     0x1f07
 .debug_line    0x00000000      0x556 ./Src/adc.o
 .debug_line    0x00000556      0x462 ./Src/gpio.o
 .debug_line    0x000009b8      0x57e ./Src/i2c.o
 .debug_line    0x00000f36      0x514 ./Src/main.o
 .debug_line    0x0000144a      0xa42 ./Src/oled.o
 .debug_line    0x00001e8c       0x7b ./Startup/startup_stm32l476rgtx.o

.debug_str      0x00000000     0x7b06
 .debug_str     0x00000000     0x7b06 ./Src/adc.o
                               0x4425 (size before relaxing)
 .debug_str     0x00007b06     0x4366 ./Src/gpio.o
 .debug_str     0x00007b06     0x43f9 ./Src/i2c.o
 .debug_str     0x00007b06     0x435b ./Src/main.o
 .debug_str     0x00007b06     0x74f1 ./Src/oled.o
 .debug_str     0x00007b06       0x63 ./Startup/startup_stm32l476rgtx.o

.comment        0x00000000       0x43
 .comment       0x00000000       0x43 ./Src/adc.o
                                 0x44 (size before relaxing)
 .comment       0x00000043       0x44 ./Src/gpio.o
 .comment       0x00000043       0x44 ./Src/i2c.o
 .comment       0x00000043       0x44 ./Src/main.o
 .comment       0x00000043       0x44 ./Src/oled.o

.debug_frame    0x00000000      0x3fc
 .debug_frame   0x00000000       0x9c ./Src/adc.o
 .debug_frame   0x0000009c       0x30 ./Src/gpio.o
 .debug_frame   0x000000cc       0xc4 ./Src/i2c.o
 .debug_frame   0x00000190       0x7c ./Src/main.o
 .debug_frame   0x0000020c      0x17c ./Src/oled.o
 .debug_frame   0x00000388       0x20 C:/ST/STM32CubeIDE_1.19.0/STM32CubeIDE/plugins/com.st.stm32cube.ide.mcu.externaltools.gnu-tools-for-stm32.13.3.rel1.win32_1.0.0.202411081344/tools/bin/../lib/gcc/arm-none-eabi/13.3.1/../../../../arm-none-eabi/lib/thumb/v7e-m+fp/hard\libc_nano.a(libc_a-memset.o)
 .debug_frame   0x000003a8       0x2c C:/ST/STM32CubeIDE_1.19.0/STM32CubeIDE/plugins/com.st.stm32cube.ide.mcu.externaltools.gnu-tools-for-stm32.13.3.rel1.win32_1.0.0.202411081344/tools/bin/../lib/gcc/arm-none-eabi/13.3.1/../../../../arm-none-eabi/lib/thumb/v7e-m+fp/hard\libc_nano.a(libc_a-init.o)
 .debug_frame   0x000003d4       0x28 C:/ST/STM32CubeIDE_1.19.0/STM32CubeIDE/plugins/com.st.stm32cube.ide.mcu.externaltools.gnu-tools-for-stm32.13.3.rel1.win32_1.0.0.202411081344/tools/bin/../lib/gcc/arm-none-eabi/13.3.1/../../../../arm-none-eabi/lib/thumb/v7e-m+fp/hard\libc_nano.a(libc_a-memcpy-stub.o)

.debug_line_str
                0x00000000       0x47
 .debug_line_str
                0x00000000       0x47 ./Startup/startup_stm32l476rgtx.o
